lib/Controller/AgentsController.php:636 method=tools rule=no-auth-guard-in-body
lib/Controller/AnalyticsLinksController.php:276 method=available rule=no-auth-guard-in-body
lib/Controller/AuditTrailController.php:362 method=update rule=no-auth-guard-in-body
lib/Controller/AuditTrailController.php:391 method=objects rule=no-auth-guard-in-body
lib/Controller/AuditTrailController.php:516 method=destroy rule=no-auth-guard-in-body
lib/Controller/AuditTrailController.php:534 method=destroyMultiple rule=no-auth-guard-in-body
lib/Controller/AuditTrailController.php:607 method=verify rule=no-auth-guard-in-body
lib/Controller/BookmarkLinksController.php:280 method=available rule=no-auth-guard-in-body
lib/Controller/CalendarEventsController.php:343 method=listCalendars rule=no-auth-guard-in-body
lib/Controller/CalendarEventsController.php:365 method=listCalendarEvents rule=no-auth-guard-in-body
lib/Controller/ChatController.php:863 method=getChatStats rule=no-auth-guard-in-body
lib/Controller/CollectiveLinksController.php:276 method=available rule=no-auth-guard-in-body
lib/Controller/CollectiveLinksController.php:304 method=collectives rule=no-auth-guard-in-body
lib/Controller/CompanyLookupController.php:88 method=kvkCompany rule=no-auth-guard-in-body
lib/Controller/CompanyLookupController.php:114 method=kvkSearch rule=no-auth-guard-in-body
lib/Controller/CompanyLookupController.php:147 method=openCorporatesSearch rule=no-auth-guard-in-body
lib/Controller/ConfigurationController.php:255 method=enrichDetails rule=no-auth-guard-in-body
lib/Controller/ConfigurationController.php:784 method=discover rule=no-auth-guard-in-body
lib/Controller/ConfigurationController.php:868 method=getGitHubBranches rule=no-auth-guard-in-body
lib/Controller/ConfigurationController.php:913 method=getGitHubRepositories rule=no-auth-guard-in-body
lib/Controller/ConfigurationController.php:966 method=getGitHubConfigurations rule=no-auth-guard-in-body
lib/Controller/ConfigurationController.php:1015 method=getGitLabBranches rule=no-auth-guard-in-body
lib/Controller/ConfigurationController.php:1067 method=getGitLabConfigurations rule=no-auth-guard-in-body
lib/Controller/ContactsController.php:438 method=objects rule=no-auth-guard-in-body
lib/Controller/ContactsController.php:480 method=match rule=no-auth-guard-in-body
lib/Controller/CospendLinksController.php:301 method=available rule=no-auth-guard-in-body
lib/Controller/DashboardController.php:272 method=index rule=no-auth-guard-in-body
lib/Controller/DashboardController.php:324 method=calculate rule=no-auth-guard-in-body
lib/Controller/DashboardController.php:367 method=getAuditTrailActionChart rule=no-auth-guard-in-body
lib/Controller/DashboardController.php:414 method=getObjectsByRegisterChart rule=no-auth-guard-in-body
lib/Controller/DashboardController.php:442 method=getObjectsBySchemaChart rule=no-auth-guard-in-body
lib/Controller/DashboardController.php:472 method=getObjectsBySizeChart rule=no-auth-guard-in-body
lib/Controller/DashboardController.php:502 method=getAuditTrailStatistics rule=no-auth-guard-in-body
lib/Controller/DashboardController.php:535 method=getAuditTrailActionDistribution rule=no-auth-guard-in-body
lib/Controller/DashboardController.php:569 method=getMostActiveObjects rule=no-auth-guard-in-body
lib/Controller/DataSubjectRequestController.php:72 method=subjectData rule=no-auth-guard-in-body
lib/Controller/DataSubjectRequestController.php:105 method=accessExport rule=no-auth-guard-in-body
lib/Controller/DataSubjectRequestController.php:133 method=rectify rule=no-auth-guard-in-body
lib/Controller/DataSubjectRequestController.php:164 method=erase rule=no-auth-guard-in-body
lib/Controller/DataSubjectRequestController.php:194 method=restrict rule=no-auth-guard-in-body
lib/Controller/DataSubjectRequestController.php:226 method=objection rule=no-auth-guard-in-body
lib/Controller/DeckController.php:182 method=objects rule=no-auth-guard-in-body
lib/Controller/DeckLinksController.php:297 method=boards rule=no-auth-guard-in-body
lib/Controller/DeckLinksController.php:322 method=stacks rule=no-auth-guard-in-body
lib/Controller/DeletedController.php:365 method=topDeleters rule=no-auth-guard-in-body
lib/Controller/EmailLinksController.php:220 method=accounts rule=no-auth-guard-in-body
lib/Controller/EmailsController.php:277 method=search rule=no-auth-guard-in-body
lib/Controller/EmailsController.php:333 method=bySender rule=no-auth-guard-in-body
lib/Controller/FileExtractionController.php:292 method=extract rule=no-auth-guard-in-body
lib/Controller/FileExtractionController.php:357 method=discover rule=no-auth-guard-in-body
lib/Controller/FileExtractionController.php:408 method=extractAll rule=no-auth-guard-in-body
lib/Controller/FileExtractionController.php:456 method=retryFailed rule=no-auth-guard-in-body
lib/Controller/FileExtractionController.php:508 method=stats rule=no-auth-guard-in-body
lib/Controller/FileExtractionController.php:556 method=cleanup rule=no-auth-guard-in-body
lib/Controller/FileExtractionController.php:607 method=fileTypes rule=no-auth-guard-in-body
lib/Controller/FileExtractionController.php:645 method=vectorizeBatch rule=no-auth-guard-in-body
lib/Controller/FileSearchController.php:83 method=semanticSearch rule=no-auth-guard-in-body
lib/Controller/FileSidebarController.php:77 method=getObjectsForFile rule=no-auth-guard-in-body
lib/Controller/FileSidebarController.php:115 method=getExtractionStatus rule=no-auth-guard-in-body
lib/Controller/FileTextController.php:100 method=getFileText rule=no-auth-guard-in-body
lib/Controller/FileTextController.php:148 method=extractFileText rule=no-auth-guard-in-body
lib/Controller/FileTextController.php:207 method=bulkExtract rule=no-auth-guard-in-body
lib/Controller/FileTextController.php:254 method=getStats rule=no-auth-guard-in-body
lib/Controller/FileTextController.php:298 method=deleteFileText rule=no-auth-guard-in-body
lib/Controller/FormLinksController.php:392 method=available rule=no-auth-guard-in-body
lib/Controller/GitHubIssuesController.php:127 method=index rule=no-auth-guard-in-body
lib/Controller/GraphQLController.php:153 method=explorer rule=no-auth-guard-in-body
lib/Controller/GraphQLSubscriptionController.php:80 method=subscribe rule=no-auth-guard-in-body
lib/Controller/HeartbeatController.php:93 method=heartbeat rule=no-auth-guard-in-body
lib/Controller/LinkedEntityController.php:165 method=addRegisterLink rule=no-auth-guard-in-body
lib/Controller/LinkedEntityController.php:200 method=addSchemaLink rule=no-auth-guard-in-body
lib/Controller/LinkedEntityController.php:236 method=reverseLookup rule=no-auth-guard-in-body
lib/Controller/MapLinksController.php:309 method=available rule=no-auth-guard-in-body
lib/Controller/MappingsController.php:348 method=test rule=no-auth-guard-in-body
lib/Controller/McpController.php:119 method=discoverCapability rule=no-auth-guard-in-body
lib/Controller/MessageDispatchController.php:101 method=smsSend rule=no-auth-guard-in-body
lib/Controller/MessageDispatchController.php:124 method=whatsappSend rule=no-auth-guard-in-body
lib/Controller/ObjectIntegrationsController.php:107 method=index rule=no-auth-guard-in-body
lib/Controller/ObjectIntegrationsController.php:133 method=show rule=no-auth-guard-in-body
lib/Controller/ObjectIntegrationsController.php:156 method=create rule=no-auth-guard-in-body
lib/Controller/ObjectIntegrationsController.php:182 method=update rule=no-auth-guard-in-body
lib/Controller/OrganisationController.php:223 method=index rule=no-auth-guard-in-body
lib/Controller/OrganisationController.php:274 method=setActive rule=no-auth-guard-in-body
lib/Controller/OrganisationController.php:344 method=getActive rule=no-auth-guard-in-body
lib/Controller/OrganisationController.php:405 method=create rule=no-auth-guard-in-body
lib/Controller/OrganisationController.php:871 method=clearCache rule=no-auth-guard-in-body
lib/Controller/PersonLookupController.php:96 method=brpPerson rule=no-auth-guard-in-body
lib/Controller/PhotoLinksController.php:268 method=available rule=no-auth-guard-in-body
lib/Controller/PollLinksController.php:291 method=available rule=no-auth-guard-in-body
lib/Controller/RegistersController.php:1623 method=stats rule=no-auth-guard-in-body
lib/Controller/SearchTrailController.php:768 method=export rule=no-auth-guard-in-body
lib/Controller/TalkLinksController.php:267 method=rooms rule=no-auth-guard-in-body
lib/Controller/TasksController.php:107 method=allUserTasks rule=no-auth-guard-in-body
lib/Controller/TimeTrackerLinksController.php:286 method=available rule=no-auth-guard-in-body
lib/Controller/UrnController.php:76 method=resolve rule=no-auth-guard-in-body
lib/Controller/UrnController.php:122 method=lookup rule=no-auth-guard-in-body
lib/Controller/UrnController.php:160 method=bulk rule=no-auth-guard-in-body
lib/Controller/WebPushController.php:89 method=vapidPublicKey rule=no-auth-guard-in-body
lib/Controller/WebhooksController.php:736 method=events rule=no-auth-guard-in-body
lib/Controller/WorkflowEngineController.php:94 method=index rule=no-auth-guard-in-body
lib/Controller/WorkflowEngineController.php:114 method=show rule=no-auth-guard-in-body
lib/Controller/XwikiLinksController.php:256 method=available rule=no-auth-guard-in-body
lib/Controller/XwikiLinksController.php:305 method=search rule=no-auth-guard-in-body
