[gate-112] newman-reach: 21 finding(s). 337 of 718 committed request(s) run.
  V2  tests/federation/federation-tests.postman_collection.json holds 50 request(s) and sits outside newman-collection-path ('tests/integration'), so CI never runs it. Move it under 'tests/integration', repoint that input, or delete it.
  V2  tests/newman/agent-cms-testing.postman_collection.json holds 11 request(s) and sits outside newman-collection-path ('tests/integration'), so CI never runs it. Move it under 'tests/integration', repoint that input, or delete it.
  V2  tests/newman/openregister-auth-matrix.postman_collection.json holds 5 request(s) and sits outside newman-collection-path ('tests/integration'), so CI never runs it. Move it under 'tests/integration', repoint that input, or delete it.
  V2  tests/newman/openregister-chat-streaming.postman_collection.json holds 5 request(s) and sits outside newman-collection-path ('tests/integration'), so CI never runs it. Move it under 'tests/integration', repoint that input, or delete it.
  V2  tests/newman/openregister-dedup-check.postman_collection.json holds 14 request(s) and sits outside newman-collection-path ('tests/integration'), so CI never runs it. Move it under 'tests/integration', repoint that input, or delete it.
  V2  tests/newman/openregister-delegation.postman_collection.json holds 9 request(s) and sits outside newman-collection-path ('tests/integration'), so CI never runs it. Move it under 'tests/integration', repoint that input, or delete it.
  V2  tests/newman/openregister-duplicate-merge.postman_collection.json holds 19 request(s) and sits outside newman-collection-path ('tests/integration'), so CI never runs it. Move it under 'tests/integration', repoint that input, or delete it.
  V2  tests/newman/openregister-error-matrix.postman_collection.json holds 3 request(s) and sits outside newman-collection-path ('tests/integration'), so CI never runs it. Move it under 'tests/integration', repoint that input, or delete it.
  V2  tests/newman/openregister-files-domain.postman_collection.json holds 3 request(s) and sits outside newman-collection-path ('tests/integration'), so CI never runs it. Move it under 'tests/integration', repoint that input, or delete it.
  V2  tests/newman/openregister-flow-engine.postman_collection.json holds 72 request(s) and sits outside newman-collection-path ('tests/integration'), so CI never runs it. Move it under 'tests/integration', repoint that input, or delete it.
  V2  tests/newman/openregister-flow-subjects.postman_collection.json holds 21 request(s) and sits outside newman-collection-path ('tests/integration'), so CI never runs it. Move it under 'tests/integration', repoint that input, or delete it.
  V2  tests/newman/openregister-handoff.postman_collection.json holds 19 request(s) and sits outside newman-collection-path ('tests/integration'), so CI never runs it. Move it under 'tests/integration', repoint that input, or delete it.
  V2  tests/newman/openregister-object-watchers.postman_collection.json holds 18 request(s) and sits outside newman-collection-path ('tests/integration'), so CI never runs it. Move it under 'tests/integration', repoint that input, or delete it.
  V2  tests/newman/openregister-register-descriptors.postman_collection.json holds 4 request(s) and sits outside newman-collection-path ('tests/integration'), so CI never runs it. Move it under 'tests/integration', repoint that input, or delete it.
  V2  tests/newman/openregister-transfer.postman_collection.json holds 4 request(s) and sits outside newman-collection-path ('tests/integration'), so CI never runs it. Move it under 'tests/integration', repoint that input, or delete it.
  V2  tests/newman/openregister-working-calendars.postman_collection.json holds 8 request(s) and sits outside newman-collection-path ('tests/integration'), so CI never runs it. Move it under 'tests/integration', repoint that input, or delete it.
  V2  tests/postman/openregister-anonymisation-tests.postman_collection.json holds 3 request(s) and sits outside newman-collection-path ('tests/integration'), so CI never runs it. Move it under 'tests/integration', repoint that input, or delete it.
  V2  tests/postman/openregister-crud-tests.postman_collection.json holds 15 request(s) and sits outside newman-collection-path ('tests/integration'), so CI never runs it. Move it under 'tests/integration', repoint that input, or delete it.
  V2  tests/postman/openregister-graphql-tests.postman_collection.json holds 15 request(s) and sits outside newman-collection-path ('tests/integration'), so CI never runs it. Move it under 'tests/integration', repoint that input, or delete it.
  V2  tests/postman/openregister-platform-annotations.postman_collection.json holds 39 request(s) and sits outside newman-collection-path ('tests/integration'), so CI never runs it. Move it under 'tests/integration', repoint that input, or delete it.
  V2  tests/postman/openregister-relations-tests.postman_collection.json holds 44 request(s) and sits outside newman-collection-path ('tests/integration'), so CI never runs it. Move it under 'tests/integration', repoint that input, or delete it.
  Fix: move the collection under newman-collection-path, repoint that input, delete it, or put `@newman exclude <reason>` in the collection's info.description.
