[validate-register] WARN  lib/Settings/bag_register.json › nummeraanduiding: "type" is not "object" (got undefined)
[validate-register] WARN  lib/Settings/bag_register.json › verblijfsobject: "type" is not "object" (got undefined)
[validate-register] WARN  lib/Settings/bag_register.json › pand: "type" is not "object" (got undefined)
[validate-register] WARN  lib/Settings/bag_register.json › pand: only 3 properties and no x-openregister-* declarations — verify this isn't a stub left by a bad merge
[validate-register] WARN  lib/Settings/brp_register.json › ingeschreven-persoon: "type" is not "object" (got undefined)
[validate-register] WARN  lib/Settings/credential_broker_register.json › brokeredcredential: "type" is not "object" (got undefined)
[validate-register] WARN  lib/Settings/data_subject_request_register.json › dataSubjectRequest: "type" is not "object" (got undefined)
[validate-register] WARN  lib/Settings/dismissed_pair_register.json › dismissedPair: "type" is not "object" (got undefined)
[validate-register] WARN  lib/Settings/dsar_policy_pack_register.json › dsarPolicyPack: "type" is not "object" (got undefined)
[validate-register] WARN  lib/Settings/edepot_transfer_register.json › edepotTransfer: "type" is not "object" (got undefined)
[validate-register] WARN  lib/Settings/edepot_transfer_register.json › edepotTransferProof: "type" is not "object" (got undefined)
[validate-register] WARN  lib/Settings/flow_register.json › flow: "type" is not "object" (got undefined)
[validate-register] WARN  lib/Settings/flow_timer_register.json › working-calendar: "type" is not "object" (got undefined)
[validate-register] WARN  lib/Settings/flow_timer_register.json › escalation-ladder: "type" is not "object" (got undefined)
[validate-register] WARN  lib/Settings/intake_source_register.json › intake-source: "type" is not "object" (got undefined)
[validate-register] WARN  lib/Settings/kvk_register.json › maatschappelijke-activiteit: "type" is not "object" (got undefined)
[validate-register] WARN  lib/Settings/kvk_register.json › vestiging: "type" is not "object" (got undefined)
[validate-register] WARN  lib/Settings/merge_operation_register.json › mergeOperation: "type" is not "object" (got undefined)
[validate-register] WARN  lib/Settings/openregister_mock_register.json › brokeredcredential: "type" is not "object" (got undefined)
[validate-register] WARN  lib/Settings/openregister_mock_register.json › dataSubjectRequest: "type" is not "object" (got undefined)
[validate-register] WARN  lib/Settings/openregister_mock_register.json › dsarPolicyPack: "type" is not "object" (got undefined)
[validate-register] WARN  lib/Settings/openregister_mock_register.json › edepotTransfer: "type" is not "object" (got undefined)
[validate-register] WARN  lib/Settings/openregister_mock_register.json › edepotTransferProof: "type" is not "object" (got undefined)
[validate-register] WARN  lib/Settings/openregister_mock_register.json › flow: "type" is not "object" (got undefined)
[validate-register] WARN  lib/Settings/openregister_mock_register.json › mergeOperation: "type" is not "object" (got undefined)
[validate-register] WARN  lib/Settings/openregister_mock_register.json › trustConfiguration: "type" is not "object" (got undefined)
[validate-register] WARN  lib/Settings/openregister_mock_register.json › concept: "type" is not "object" (got undefined)
[validate-register] WARN  lib/Settings/openregister_mock_register.json › conceptScheme: "type" is not "object" (got undefined)
[validate-register] WARN  lib/Settings/openregister_mock_register.json › intake-source: "type" is not "object" (got undefined)
[validate-register] WARN  lib/Settings/openregister_mock_register.json › survey: "type" is not "object" (got undefined)
[validate-register] WARN  lib/Settings/openregister_mock_register.json › surveyQuestion: "type" is not "object" (got undefined)
[validate-register] WARN  lib/Settings/openregister_mock_register.json › surveyInvitation: "type" is not "object" (got undefined)
[validate-register] WARN  lib/Settings/openregister_mock_register.json › surveyAnswerSet: "type" is not "object" (got undefined)
[validate-register] WARN  lib/Settings/ori_register.json › vergadering: "type" is not "object" (got undefined)
[validate-register] WARN  lib/Settings/ori_register.json › agendapunt: "type" is not "object" (got undefined)
[validate-register] WARN  lib/Settings/ori_register.json › raadsdocument: "type" is not "object" (got undefined)
[validate-register] WARN  lib/Settings/ori_register.json › stemming: "type" is not "object" (got undefined)
[validate-register] WARN  lib/Settings/ori_register.json › raadslid: "type" is not "object" (got undefined)
[validate-register] WARN  lib/Settings/ori_register.json › fractie: "type" is not "object" (got undefined)
[validate-register] WARN  lib/Settings/ori_register.json › fractie: only 3 properties and no x-openregister-* declarations — verify this isn't a stub left by a bad merge
[validate-register] WARN  lib/Settings/survey_register.json › survey: "type" is not "object" (got undefined)
[validate-register] WARN  lib/Settings/survey_register.json › surveyQuestion: "type" is not "object" (got undefined)
[validate-register] WARN  lib/Settings/survey_register.json › surveyInvitation: "type" is not "object" (got undefined)
[validate-register] WARN  lib/Settings/survey_register.json › surveyAnswerSet: "type" is not "object" (got undefined)
[validate-register] WARN  lib/Settings/trust_configuration_register.json › trustConfiguration: "type" is not "object" (got undefined)
[validate-register] WARN  lib/Settings/vocabulary_register.json › conceptScheme: "type" is not "object" (got undefined)
[validate-register] WARN  lib/Settings/vocabulary_register.json › concept: "type" is not "object" (got undefined)
[validate-register] PASS — 18 register file(s), 47 warning(s).
