[openregister/tests/bootstrap] No installed Nextcloud root in scope (a bare source tree does not count); running with composer autoload only.
  Set OPENREGISTER_TEST_NC_ROOT to an installed Nextcloud root if you need integration/DB tests.
PHPUnit 10.5.63 by Sebastian Bergmann and contributors.

Runtime:       PHP 8.3.6
Configuration: /home/rubenlinde/memcap-work/lq-lanes/or-primitives/phpunit.xml

...........................................................    59 / 24105 (  0%)
...........................................................   118 / 24105 (  0%)
...........................................................   177 / 24105 (  0%)
...........................................................   236 / 24105 (  0%)
...........................................................   295 / 24105 (  1%)
...........................................................   354 / 24105 (  1%)
...........................................................   413 / 24105 (  1%)
...........................................................   472 / 24105 (  1%)
...........................................................   531 / 24105 (  2%)
...........................................................   590 / 24105 (  2%)
...........................................................   649 / 24105 (  2%)
...........................................................   708 / 24105 (  2%)
...........................................................   767 / 24105 (  3%)
...........................................................   826 / 24105 (  3%)
...........................................................   885 / 24105 (  3%)
...........................................................   944 / 24105 (  3%)
...........................................................  1003 / 24105 (  4%)
...........................................................  1062 / 24105 (  4%)
...........................................................  1121 / 24105 (  4%)
...............S...........................................  1180 / 24105 (  4%)
...........................................................  1239 / 24105 (  5%)
...........................................................  1298 / 24105 (  5%)
...........................................................  1357 / 24105 (  5%)
...........................................................  1416 / 24105 (  5%)
...........................................................  1475 / 24105 (  6%)
...........................................................  1534 / 24105 (  6%)
...........................................................  1593 / 24105 (  6%)
...........................................................  1652 / 24105 (  6%)
...........................................................  1711 / 24105 (  7%)
...........................................................  1770 / 24105 (  7%)
...........................................................  1829 / 24105 (  7%)
...........................................................  1888 / 24105 (  7%)
...........................................................  1947 / 24105 (  8%)
...........................................................  2006 / 24105 (  8%)
...........................................................  2065 / 24105 (  8%)
...........................................................  2124 / 24105 (  8%)
...........................................................  2183 / 24105 (  9%)
...........................................................  2242 / 24105 (  9%)
...........................................................  2301 / 24105 (  9%)
...........................................................  2360 / 24105 (  9%)
...........................................................  2419 / 24105 ( 10%)
...........................................................  2478 / 24105 ( 10%)
...........................................................  2537 / 24105 ( 10%)
...........................................................  2596 / 24105 ( 10%)
...........................................................  2655 / 24105 ( 11%)
...........................................................  2714 / 24105 ( 11%)
...........................................................  2773 / 24105 ( 11%)
...........................................................  2832 / 24105 ( 11%)
...........................................................  2891 / 24105 ( 11%)
...........................................................  2950 / 24105 ( 12%)
....................S...SSS................................  3009 / 24105 ( 12%)
...........................................................  3068 / 24105 ( 12%)
...........................................................  3127 / 24105 ( 12%)
...........................................................  3186 / 24105 ( 13%)
...........................................................  3245 / 24105 ( 13%)
...........................................................  3304 / 24105 ( 13%)
...........................................................  3363 / 24105 ( 13%)
...........................................................  3422 / 24105 ( 14%)
...........................................................  3481 / 24105 ( 14%)
...........................................................  3540 / 24105 ( 14%)
...........................................................  3599 / 24105 ( 14%)
...........................................................  3658 / 24105 ( 15%)
...........................................................  3717 / 24105 ( 15%)
...........................................................  3776 / 24105 ( 15%)
...........................................................  3835 / 24105 ( 15%)
...........................................................  3894 / 24105 ( 16%)
...........................................................  3953 / 24105 ( 16%)
...................SS....SS.........................S......  4012 / 24105 ( 16%)
SS.........................................................  4071 / 24105 ( 16%)
...........................................................  4130 / 24105 ( 17%)
...........................................................  4189 / 24105 ( 17%)
...........................................................  4248 / 24105 ( 17%)
...........................................................  4307 / 24105 ( 17%)
...........................................................  4366 / 24105 ( 18%)
...........................................................  4425 / 24105 ( 18%)
...........................................................  4484 / 24105 ( 18%)
...........................................................  4543 / 24105 ( 18%)
...........................................................  4602 / 24105 ( 19%)
...........................................................  4661 / 24105 ( 19%)
...........................................................  4720 / 24105 ( 19%)
...........................................................  4779 / 24105 ( 19%)
...........................................................  4838 / 24105 ( 20%)
...........................................................  4897 / 24105 ( 20%)
....................SSSSS..................................  4956 / 24105 ( 20%)
...........................................................  5015 / 24105 ( 20%)
...........................................................  5074 / 24105 ( 21%)
...........................................................  5133 / 24105 ( 21%)
...........................................................  5192 / 24105 ( 21%)
...........................................................  5251 / 24105 ( 21%)
...........................................................  5310 / 24105 ( 22%)
...........................................................  5369 / 24105 ( 22%)
...........................................................  5428 / 24105 ( 22%)
...........................................................  5487 / 24105 ( 22%)
...........................................................  5546 / 24105 ( 23%)
...........................................................  5605 / 24105 ( 23%)
...........................................................  5664 / 24105 ( 23%)
...........................................................  5723 / 24105 ( 23%)
...........................................................  5782 / 24105 ( 23%)
...........................................................  5841 / 24105 ( 24%)
...........................................................  5900 / 24105 ( 24%)
...........................................................  5959 / 24105 ( 24%)
...........................................................  6018 / 24105 ( 24%)
...........................................................  6077 / 24105 ( 25%)
...........................................................  6136 / 24105 ( 25%)
...........................................................  6195 / 24105 ( 25%)
...........................................................  6254 / 24105 ( 25%)
...........................................................  6313 / 24105 ( 26%)
...........................................................  6372 / 24105 ( 26%)
...........................................................  6431 / 24105 ( 26%)
...........................................................  6490 / 24105 ( 26%)
...........................................................  6549 / 24105 ( 27%)
...........................................................  6608 / 24105 ( 27%)
...........................................................  6667 / 24105 ( 27%)
...........................................................  6726 / 24105 ( 27%)
...........................................................  6785 / 24105 ( 28%)
...........................................................  6844 / 24105 ( 28%)
..........................................S................  6903 / 24105 ( 28%)
...........................................................  6962 / 24105 ( 28%)
...........................................................  7021 / 24105 ( 29%)
...........................................................  7080 / 24105 ( 29%)
...........................................................  7139 / 24105 ( 29%)
...........................................................  7198 / 24105 ( 29%)
...........................................................  7257 / 24105 ( 30%)
...........................................................  7316 / 24105 ( 30%)
...........................................................  7375 / 24105 ( 30%)
...........................................................  7434 / 24105 ( 30%)
...........................................................  7493 / 24105 ( 31%)
...........................................................  7552 / 24105 ( 31%)
...........................................................  7611 / 24105 ( 31%)
...........................................................  7670 / 24105 ( 31%)
...........................................................  7729 / 24105 ( 32%)
...........................................................  7788 / 24105 ( 32%)
...........................................................  7847 / 24105 ( 32%)
.......................................................S...  7906 / 24105 ( 32%)
...........................................................  7965 / 24105 ( 33%)
...........................................................  8024 / 24105 ( 33%)
...........................................................  8083 / 24105 ( 33%)
...........................................................  8142 / 24105 ( 33%)
...........................................................  8201 / 24105 ( 34%)
...........................................................  8260 / 24105 ( 34%)
...........................................................  8319 / 24105 ( 34%)
...........................................................  8378 / 24105 ( 34%)
...........................................................  8437 / 24105 ( 35%)
...........................................................  8496 / 24105 ( 35%)
...........................................................  8555 / 24105 ( 35%)
...........................................................  8614 / 24105 ( 35%)
...........................................................  8673 / 24105 ( 35%)
...........................................................  8732 / 24105 ( 36%)
...........................................................  8791 / 24105 ( 36%)
...........................................................  8850 / 24105 ( 36%)
...........................................................  8909 / 24105 ( 36%)
...........................................................  8968 / 24105 ( 37%)
...........................................................  9027 / 24105 ( 37%)
...........................................................  9086 / 24105 ( 37%)
...........................................................  9145 / 24105 ( 37%)
...........................................................  9204 / 24105 ( 38%)
...........................................................  9263 / 24105 ( 38%)
...........................................................  9322 / 24105 ( 38%)
...........................................................  9381 / 24105 ( 38%)
...........................................................  9440 / 24105 ( 39%)
...........................................................  9499 / 24105 ( 39%)
...........................................................  9558 / 24105 ( 39%)
...........................................................  9617 / 24105 ( 39%)
...........................................................  9676 / 24105 ( 40%)
...........................................................  9735 / 24105 ( 40%)
...........................................................  9794 / 24105 ( 40%)
...........................................................  9853 / 24105 ( 40%)
............................S..............................  9912 / 24105 ( 41%)
...........................................................  9971 / 24105 ( 41%)
........................................................... 10030 / 24105 ( 41%)
........................................................... 10089 / 24105 ( 41%)
........................................................... 10148 / 24105 ( 42%)
........................................................... 10207 / 24105 ( 42%)
........................................................... 10266 / 24105 ( 42%)
........................................................... 10325 / 24105 ( 42%)
........................................................... 10384 / 24105 ( 43%)
........................................................... 10443 / 24105 ( 43%)
........................................................... 10502 / 24105 ( 43%)
........................................................... 10561 / 24105 ( 43%)
........................................................... 10620 / 24105 ( 44%)
...................................................S....... 10679 / 24105 ( 44%)
........................................................... 10738 / 24105 ( 44%)
........................................................... 10797 / 24105 ( 44%)
........................................................... 10856 / 24105 ( 45%)
........................................................... 10915 / 24105 ( 45%)
........................................................... 10974 / 24105 ( 45%)
........................................................... 11033 / 24105 ( 45%)
........................................................... 11092 / 24105 ( 46%)
........................................................... 11151 / 24105 ( 46%)
........................................................... 11210 / 24105 ( 46%)
........................................................... 11269 / 24105 ( 46%)
........................................................... 11328 / 24105 ( 46%)
........................................................... 11387 / 24105 ( 47%)
........................................................... 11446 / 24105 ( 47%)
........................................................... 11505 / 24105 ( 47%)
........................................................... 11564 / 24105 ( 47%)
........................................................... 11623 / 24105 ( 48%)
........................................................... 11682 / 24105 ( 48%)
........................................................... 11741 / 24105 ( 48%)
........................................................... 11800 / 24105 ( 48%)
........................................................... 11859 / 24105 ( 49%)
........................................................... 11918 / 24105 ( 49%)
........................................................... 11977 / 24105 ( 49%)
........................................................... 12036 / 24105 ( 49%)
........................................................... 12095 / 24105 ( 50%)
........................................................... 12154 / 24105 ( 50%)
........................................................... 12213 / 24105 ( 50%)
........................................................... 12272 / 24105 ( 50%)
........................................................... 12331 / 24105 ( 51%)
........................................................... 12390 / 24105 ( 51%)
........................................................... 12449 / 24105 ( 51%)
........................................................... 12508 / 24105 ( 51%)
........................................................... 12567 / 24105 ( 52%)
........................................................... 12626 / 24105 ( 52%)
........................................................... 12685 / 24105 ( 52%)
........................................................... 12744 / 24105 ( 52%)
........................................................... 12803 / 24105 ( 53%)
........................................................... 12862 / 24105 ( 53%)
........................................................... 12921 / 24105 ( 53%)
........................................................... 12980 / 24105 ( 53%)
........................................................... 13039 / 24105 ( 54%)
........................................................... 13098 / 24105 ( 54%)
........................................................... 13157 / 24105 ( 54%)
........................................................... 13216 / 24105 ( 54%)
........................S.................................. 13275 / 24105 ( 55%)
........................................................... 13334 / 24105 ( 55%)
........................................................... 13393 / 24105 ( 55%)
........................................................... 13452 / 24105 ( 55%)
........................................................... 13511 / 24105 ( 56%)
........................................................... 13570 / 24105 ( 56%)
........................................................... 13629 / 24105 ( 56%)
........................................................... 13688 / 24105 ( 56%)
........................................................... 13747 / 24105 ( 57%)
........................................................... 13806 / 24105 ( 57%)
........................................................... 13865 / 24105 ( 57%)
........................................................... 13924 / 24105 ( 57%)
........................................................... 13983 / 24105 ( 58%)
........................................................... 14042 / 24105 ( 58%)
........................................................... 14101 / 24105 ( 58%)
........................................................... 14160 / 24105 ( 58%)
........................................................... 14219 / 24105 ( 58%)
........................................................... 14278 / 24105 ( 59%)
........................................................... 14337 / 24105 ( 59%)
........................................................... 14396 / 24105 ( 59%)
........................................................... 14455 / 24105 ( 59%)
........................................................... 14514 / 24105 ( 60%)
........................................................... 14573 / 24105 ( 60%)
........................................................... 14632 / 24105 ( 60%)
........................................................... 14691 / 24105 ( 60%)
........................................................... 14750 / 24105 ( 61%)
........................................................... 14809 / 24105 ( 61%)
........................................................... 14868 / 24105 ( 61%)
........................................................... 14927 / 24105 ( 61%)
........................................................... 14986 / 24105 ( 62%)
........................................................... 15045 / 24105 ( 62%)
........................................................... 15104 / 24105 ( 62%)
........................................................... 15163 / 24105 ( 62%)
........................................................... 15222 / 24105 ( 63%)
........................................................... 15281 / 24105 ( 63%)
.........................W................................. 15340 / 24105 ( 63%)
........................................................... 15399 / 24105 ( 63%)
........................................................... 15458 / 24105 ( 64%)
........................................................... 15517 / 24105 ( 64%)
........................................................... 15576 / 24105 ( 64%)
........................................................... 15635 / 24105 ( 64%)
........................................................... 15694 / 24105 ( 65%)
........................................................... 15753 / 24105 ( 65%)
........................................................... 15812 / 24105 ( 65%)
........................................................... 15871 / 24105 ( 65%)
........................................................... 15930 / 24105 ( 66%)
........................................................... 15989 / 24105 ( 66%)
........................................................... 16048 / 24105 ( 66%)
........................................................... 16107 / 24105 ( 66%)
........................................................... 16166 / 24105 ( 67%)
........................................................... 16225 / 24105 ( 67%)
........................................................... 16284 / 24105 ( 67%)
........................................................... 16343 / 24105 ( 67%)
........................................................... 16402 / 24105 ( 68%)
........................................................... 16461 / 24105 ( 68%)
........................................................... 16520 / 24105 ( 68%)
........................................................... 16579 / 24105 ( 68%)
........................................................... 16638 / 24105 ( 69%)
........................................................... 16697 / 24105 ( 69%)
........................................................... 16756 / 24105 ( 69%)
........................................................... 16815 / 24105 ( 69%)
........................................................... 16874 / 24105 ( 70%)
........................................................... 16933 / 24105 ( 70%)
........................................................... 16992 / 24105 ( 70%)
........................................................... 17051 / 24105 ( 70%)
........................................................... 17110 / 24105 ( 70%)
........................................................... 17169 / 24105 ( 71%)
........................................................... 17228 / 24105 ( 71%)
........................................................... 17287 / 24105 ( 71%)
........................................................... 17346 / 24105 ( 71%)
........................................................... 17405 / 24105 ( 72%)
........................................................... 17464 / 24105 ( 72%)
........................................................... 17523 / 24105 ( 72%)
........................................................... 17582 / 24105 ( 72%)
...................................S....................... 17641 / 24105 ( 73%)
........................................................... 17700 / 24105 ( 73%)
........................................................... 17759 / 24105 ( 73%)
........................................................... 17818 / 24105 ( 73%)
........................................................... 17877 / 24105 ( 74%)
........................................................... 17936 / 24105 ( 74%)
........................................................... 17995 / 24105 ( 74%)
........................................................... 18054 / 24105 ( 74%)
........................................................... 18113 / 24105 ( 75%)
........................................................... 18172 / 24105 ( 75%)
........................................................... 18231 / 24105 ( 75%)
........................................................... 18290 / 24105 ( 75%)
........................................................... 18349 / 24105 ( 76%)
........................................................... 18408 / 24105 ( 76%)
........................................................... 18467 / 24105 ( 76%)
........................................................... 18526 / 24105 ( 76%)
........................................................... 18585 / 24105 ( 77%)
........................................................... 18644 / 24105 ( 77%)
........................................................... 18703 / 24105 ( 77%)
........................................................... 18762 / 24105 ( 77%)
........................................................... 18821 / 24105 ( 78%)
...........S............................................... 18880 / 24105 ( 78%)
........................................................... 18939 / 24105 ( 78%)
........................................................... 18998 / 24105 ( 78%)
........................................................... 19057 / 24105 ( 79%)
........................................................... 19116 / 24105 ( 79%)
........................................................... 19175 / 24105 ( 79%)
........................................................... 19234 / 24105 ( 79%)
........................................................... 19293 / 24105 ( 80%)
........................................................... 19352 / 24105 ( 80%)
........................................................... 19411 / 24105 ( 80%)
........................................................... 19470 / 24105 ( 80%)
........................................................... 19529 / 24105 ( 81%)
........................................................... 19588 / 24105 ( 81%)
........................................................... 19647 / 24105 ( 81%)
........................................................... 19706 / 24105 ( 81%)
........................................................... 19765 / 24105 ( 81%)
........................................................... 19824 / 24105 ( 82%)
........................................................... 19883 / 24105 ( 82%)
........................................................... 19942 / 24105 ( 82%)
........................................................... 20001 / 24105 ( 82%)
........................................................... 20060 / 24105 ( 83%)
........................................................... 20119 / 24105 ( 83%)
........................................................... 20178 / 24105 ( 83%)
........................................................... 20237 / 24105 ( 83%)
........................................................... 20296 / 24105 ( 84%)
........................................................... 20355 / 24105 ( 84%)
........................................................... 20414 / 24105 ( 84%)
........................................................... 20473 / 24105 ( 84%)
........................................................... 20532 / 24105 ( 85%)
........................................................... 20591 / 24105 ( 85%)
........................................................... 20650 / 24105 ( 85%)
........................................................... 20709 / 24105 ( 85%)
........................................................... 20768 / 24105 ( 86%)
........................................................... 20827 / 24105 ( 86%)
........................................................... 20886 / 24105 ( 86%)
........................................................... 20945 / 24105 ( 86%)
........................................................... 21004 / 24105 ( 87%)
........................................................... 21063 / 24105 ( 87%)
........................................................... 21122 / 24105 ( 87%)
........................................................... 21181 / 24105 ( 87%)
........................................................... 21240 / 24105 ( 88%)
........................................................... 21299 / 24105 ( 88%)
........................................................... 21358 / 24105 ( 88%)
........................................................... 21417 / 24105 ( 88%)
........................................................... 21476 / 24105 ( 89%)
........................................................... 21535 / 24105 ( 89%)
........................................................... 21594 / 24105 ( 89%)
........................................................... 21653 / 24105 ( 89%)
........................................................... 21712 / 24105 ( 90%)
........................................................... 21771 / 24105 ( 90%)
........................................................... 21830 / 24105 ( 90%)
........................................................... 21889 / 24105 ( 90%)
........................................................... 21948 / 24105 ( 91%)
...........S............................................... 22007 / 24105 ( 91%)
........................................................... 22066 / 24105 ( 91%)
........................................................... 22125 / 24105 ( 91%)
........................................................... 22184 / 24105 ( 92%)
........................................................... 22243 / 24105 ( 92%)
........................................................... 22302 / 24105 ( 92%)
........................................................... 22361 / 24105 ( 92%)
........................................................... 22420 / 24105 ( 93%)
........................................................... 22479 / 24105 ( 93%)
........................................................... 22538 / 24105 ( 93%)
........................................................... 22597 / 24105 ( 93%)
........................................................... 22656 / 24105 ( 93%)
........................................................... 22715 / 24105 ( 94%)
........................................................... 22774 / 24105 ( 94%)
........................................................... 22833 / 24105 ( 94%)
........................................................... 22892 / 24105 ( 94%)
........................................................... 22951 / 24105 ( 95%)
........................................................... 23010 / 24105 ( 95%)
........................................................... 23069 / 24105 ( 95%)
........................................................... 23128 / 24105 ( 95%)
........................................................... 23187 / 24105 ( 96%)
........................................................... 23246 / 24105 ( 96%)
........................................................... 23305 / 24105 ( 96%)
........................................................... 23364 / 24105 ( 96%)
........................................................... 23423 / 24105 ( 97%)
........................................................... 23482 / 24105 ( 97%)
........................................................... 23541 / 24105 ( 97%)
........................................................... 23600 / 24105 ( 97%)
........................................................... 23659 / 24105 ( 98%)
........................................................... 23718 / 24105 ( 98%)
........................................................... 23777 / 24105 ( 98%)
........................................................... 23836 / 24105 ( 98%)
........................................................... 23895 / 24105 ( 99%)
........................................................... 23954 / 24105 ( 99%)
........................................................... 24013 / 24105 ( 99%)
........................................................... 24072 / 24105 ( 99%)
.................................                           24105 / 24105 (100%)

Time: 02:50.332, Memory: 592.01 MB

OK, but there were issues!
Tests: 24105, Assertions: 61332, Warnings: 1, Skipped: 25.
phpunit exit 0
